<html>
<body>
<pre>
<h1>礦ision Build Log</h1>
<h2>Tool Versions:</h2>
IDE-Version: μVision V5.21.1.0
Copyright (C) 2016 ARM Ltd and ARM Germany GmbH. All rights reserved.
License Information: keil uvision, ustc, LIC=58574-FNXEY-VDNKA-10597-7UGXB-7G4E9
 
Tool Versions:
Toolchain:       MDK-ARM Plus  Version: 5.21a
Toolchain Path:  D:\Program Files (x86)\MDK5.20\ARM\ARMCC\Bin
C Compiler:      Armcc.exe V5.06 update 3 (build 300)
Assembler:       Armasm.exe V5.06 update 3 (build 300)
Linker/Locator:  ArmLink.exe V5.06 update 3 (build 300)
Library Manager: ArmAr.exe V5.06 update 3 (build 300)
Hex Converter:   FromElf.exe V5.06 update 3 (build 300)
CPU DLL:         SARMCM3.DLL V5.21a
Dialog DLL:      DCM.DLL V1.13.8.0
Target DLL:      UL2CM3.DLL V1.158.5.0
Dialog DLL:      TCM.DLL V1.14.14.0
 
<h2>Project:</h2>
F:\github_repository\Microcomputer-Principle-and-System_experiment\实验1 基于ASM的Project\sample_asm.uvprojx
Project File Date:  08/12/2020

<h2>Output:</h2>
*** Using Compiler 'V5.06 update 3 (build 300)', folder: 'D:\Program Files (x86)\MDK5.20\ARM\ARMCC\Bin'
Build target 'Target 1'
assembling ustc_sample_asm.s...
linking...
.\Objects\sample_asm.axf: Warning: L6305W: Image does not have an entry point. (Not specified or not set due to multiple choices.)
.\Objects\sample_asm.sct(8): warning: L6314W: No section matches pattern *(InRoot$$Sections).
Program Size: Code=76 RO-data=1024 RW-data=0 ZI-data=1024  
Finished: 0 information, 2 warning and 0 error messages.
".\Objects\sample_asm.axf" - 0 Error(s), 2 Warning(s).

<h2>Collection of Component include folders:</h2>
  F:\github_repository\Microcomputer-Principle-and-System_experiment\实验1 基于ASM的Project\RTE
  D:\Program Files (x86)\MDK5.20\Keil\STM32F4xx_DFP\2.14.0\Drivers\CMSIS\Device\ST\STM32F4xx\Include

<h2>Collection of Component Files used:</h2>
Build Time Elapsed:  00:00:03
</pre>
</body>
</html>
